// Jest Snapshot v1, https://goo.gl/fbAQLP

exports[`Loader Renders Loader 1`] = `
<div
  className="text-center mt-5"
>
  <div
    className="m-2 spinner-grow text-danger"
    role="status"
  >
    <span
      className="sr-only"
    >
      Loading...
    </span>
  </div>
  <div
    className="m-2 spinner-grow text-primary"
    role="status"
  >
    <span
      className="sr-only"
    >
      Loading...
    </span>
  </div>
  <div
    className="m-2 spinner-grow text-success"
    role="status"
  >
    <span
      className="sr-only"
    >
      Loading...
    </span>
  </div>
  <div
    className="m-2 spinner-grow text-warning"
    role="status"
  >
    <span
      className="sr-only"
    >
      Loading...
    </span>
  </div>
  <div
    className="m-2 spinner-grow text-dark"
    role="status"
  >
    <span
      className="sr-only"
    >
      Loading...
    </span>
  </div>
  <div
    className="m-2 spinner-grow text-info"
    role="status"
  >
    <span
      className="sr-only"
    >
      Loading...
    </span>
  </div>
</div>
`;
